// Jest Snapshot v1, https://goo.gl/fbAQLP

exports[`SingleCouponModal renders correctly 1`] = `
<div
  className="singleCouponModal"
/>
`;
