// Jest Snapshot v1, https://goo.gl/fbAQLP

exports[`Navbar renders correctly 1`] = `
<header
  className="ant-layout-header header"
>
  <div
    className="logo"
  >
    <svg>
      logo.svg
    </svg>
  </div>
  <div
    className="title"
  >
    <svg>
      foodOnCoupon.svg
    </svg>
  </div>
  <div
    className="stacked-title"
  >
    <svg>
      stackedTitle.svg
    </svg>
  </div>
  <ul
    className="ant-menu ant-menu-dark ant-menu-root ant-menu-vertical"
    onMouseEnter={[Function]}
    onTransitionEnd={[Function]}
    role="menu"
    style={
      Object {
        "background": "#F0B32C",
      }
    }
  >
    <li
      className="ant-menu-item ant-menu-item-selected"
      onClick={[Function]}
      onMouseEnter={[Function]}
      onMouseLeave={[Function]}
      role="menuitem"
      style={Object {}}
    >
       
      <a
        href="/"
        onClick={[Function]}
      >
        navbar.headers.header0
      </a>
       
    </li>
    <li
      className="ant-menu-item ant-menu-item-only-child"
      onClick={[Function]}
      onMouseEnter={[Function]}
      onMouseLeave={[Function]}
      role="menuitem"
      style={Object {}}
    >
      <a
        href="/coupons"
        onClick={[Function]}
      >
        navbar.headers.header1
      </a>
    </li>
    <li
      className="ant-menu-item ant-menu-item-only-child"
      onClick={[Function]}
      onMouseEnter={[Function]}
      onMouseLeave={[Function]}
      role="menuitem"
      style={Object {}}
    >
      <a
        href="/blog"
        onClick={[Function]}
      >
        navbar.headers.header2
      </a>
    </li>
    <li
      className="ant-menu-item ant-menu-item-only-child cart"
      onClick={[Function]}
      onMouseEnter={[Function]}
      onMouseLeave={[Function]}
      role="menuitem"
      style={Object {}}
    >
      <a
        href="/cart"
        onClick={[Function]}
      >
        <span
          className="anticon"
          role="img"
          style={
            Object {
              "transform": "scale(2)",
            }
          }
        >
          <svg
            aria-hidden="true"
            className=""
            fill="currentColor"
            focusable="false"
            height="1em"
            width="1em"
          >
            cart.svg
          </svg>
        </span>
      </a>
    </li>
    <li
      className="ant-menu-item ant-menu-item-only-child admin"
      onClick={[Function]}
      onMouseEnter={[Function]}
      onMouseLeave={[Function]}
      role="menuitem"
      style={Object {}}
    >
      <a
        href="/admin"
        onClick={[Function]}
      >
         
        <span
          className="anticon"
          role="img"
          style={
            Object {
              "transform": "scale(2)",
            }
          }
        >
          <svg
            aria-hidden="true"
            className=""
            fill="currentColor"
            focusable="false"
            height="1em"
            width="1em"
          >
            admin.svg
          </svg>
        </span>
         
      </a>
    </li>
  </ul>
</header>
`;
