// Jest Snapshot v1, https://goo.gl/fbAQLP

exports[`CheckoutDrawer renders correctly 1`] = `
<button
  type="submit"
>
  Pay
</button>
`;
