// Jest Snapshot v1, https://goo.gl/fbAQLP

exports[`renders correctly 1`] = `
<div
  className="containerYoucanhelp"
>
  <div
    className="ant-row ant-row-space-between"
    md={36}
    sm={20}
    span={36}
    style={Object {}}
    xl={30}
    xs={24}
  >
    <div
      className="ant-col ant-col-16 youCanHelpToo ant-col-xs-24 ant-col-sm-20 ant-col-md-24 ant-col-xl-10"
      style={Object {}}
    >
      <div
        className="ant-col youCanHelpText"
        style={Object {}}
      >
        <h1>
          youcanhelp.headers.title
        </h1>
        <span>
          youcanhelp.headers.textSection1
        </span>
        <div
          className="ant-col"
          style={Object {}}
        >
          <button>
            Donate
          </button>
        </div>
      </div>
    </div>
    <div
      className="ant-col ant-col-16 imageSection ant-col-xs-24 ant-col-sm-20 ant-col-md-24 ant-col-xl-10"
      style={Object {}}
    >
      <div
        className="ant-image foodImage"
        md={10}
        onClick={[Function]}
        sm={20}
        style={
          Object {
            "height": undefined,
            "width": undefined,
          }
        }
        xl={10}
        xs={20}
      >
        <img
          alt="help"
          className="ant-image-img"
          onError={[Function]}
          onLoad={[Function]}
          src="image.png"
        />
      </div>
    </div>
  </div>
</div>
`;
